// Jest Snapshot v1, https://goo.gl/fbAQLP

exports[`UI Toggle Component match snapshot 1`] = `
<div>
  <button
    aria-checked="false"
    class="Toggle_toggleRootStyle__f6mp672 Toggle__f6mp670 sprinkles_padding_xxxs_mobile__1vna7gb23 sprinkles_borderRadius_md_mobile__1vna7gbir sprinkles_minWidth_lg_mobile__1vna7gbcl sprinkles_minHeight_lg_mobile__1vna7gbgc sprinkles_backgroundColor_black7_lightMode__1vna7gbnt Toggle_toggleRootStyle__f6mp671 reset_base__4op0mk0"
    data-state="unchecked"
    role="switch"
    type="button"
    value="on"
  >
    <span
      class="Toggle_toggleThumbStyle__f6mp674 Toggle__f6mp673 sprinkles_borderRadius_half_mobile__1vna7gbi3 sprinkles_width_lg_mobile__1vna7gbbc sprinkles_height_lg_mobile__1vna7gbf3 sprinkles_backgroundColor_white_lightMode__1vna7gbo1 sprinkles_display_block_mobile__1vna7gb6"
      data-state="unchecked"
    />
  </button>
</div>
`;
