// Jest Snapshot v1, https://goo.gl/fbAQLP

exports[`UI Button Component should match snapshot 1`] = `
<div>
  <a
    class="sprinkles_alignItems_center_mobile__1vna7gb2o sprinkles_justifyContent_center_mobile__1vna7gb26 sprinkles_display_flex_mobile__1vna7gb3 sprinkles_flexDirection_row_mobile__1vna7gbr reset_base__4op0mk0 reset_button__4op0mk1 Button__hhbirr7 sprinkles_borderRadius_xs_mobile__1vna7gbjf Button_buttonStyle_variant_primary__hhbirrb Button_primaryStyle__hhbirr5 Button_buttonStyle_color_orange__hhbirrd Button_buttonStyle_size_l__hhbirrg Button__hhbirr8 sprinkles_paddingTop_sm_mobile__1vna7gb40 sprinkles_paddingBottom_sm_mobile__1vna7gb4u sprinkles_width_full_mobile__1vna7gbbc sprinkles_gap_xs_mobile__1vna7gb1f Typography_base__1rfncg10 Typography_fontStyle_fontSize_body1-m__1rfncg17"
    href="/"
  >
    test
  </a>
</div>
`;
